
Running 3 tests using 1 worker

[1A[2K[1/3] [chromium] ΓÇ║ tests\api\reqres.spec.js:7:5 ΓÇ║ ReqRes.in API Tests ΓÇ║ Create User and Validate
[1A[2K  1) [chromium] ΓÇ║ tests\api\reqres.spec.js:7:5 ΓÇ║ ReqRes.in API Tests ΓÇ║ Create User and Validate ΓöÇΓöÇΓöÇΓöÇ

    Error: [2mexpect([22m[31mreceived[39m[2m).[22mtoBe[2m([22m[32mexpected[39m[2m) // Object.is equality[22m

    Expected: [32m201[39m
    Received: [31m403[39m

      14 |
      15 |         // Validate status code
    > 16 |         expect(response.status()).toBe(201);
         |                                   ^
      17 |
      18 |         const responseBody = await response.json();
      19 |         console.log('Create User Response:', responseBody);
        at C:\Users\ayush mishra\Desktop\Finacplus Automation Framework\Finacplus-Automation-Framework\tests\api\reqres.spec.js:16:35


[1A[2K[2/3] [chromium] ΓÇ║ tests\api\reqres.spec.js:31:5 ΓÇ║ ReqRes.in API Tests ΓÇ║ Fetch Created User Details
[1A[2K  2) [chromium] ΓÇ║ tests\api\reqres.spec.js:31:5 ΓÇ║ ReqRes.in API Tests ΓÇ║ Fetch Created User Details ΓöÇ

    Error: [2mexpect([22m[31mreceived[39m[2m).[22mtoBe[2m([22m[32mexpected[39m[2m) // Object.is equality[22m

    Expected: [32m200[39m
    Received: [31m403[39m

      41 |         }
      42 |
    > 43 |         expect(response.status()).toBe(200);
         |                                   ^
      44 |         const responseBody = await response.json();
      45 |         console.log('Get User Response:', responseBody);
      46 |
        at C:\Users\ayush mishra\Desktop\Finacplus Automation Framework\Finacplus-Automation-Framework\tests\api\reqres.spec.js:43:35


[1A[2K[3/3] [chromium] ΓÇ║ tests\api\reqres.spec.js:51:5 ΓÇ║ ReqRes.in API Tests ΓÇ║ Update User Name and Validate
[1A[2K  3) [chromium] ΓÇ║ tests\api\reqres.spec.js:51:5 ΓÇ║ ReqRes.in API Tests ΓÇ║ Update User Name and Validate 

    Error: [2mexpect([22m[31mreceived[39m[2m).[22mtoBe[2m([22m[32mexpected[39m[2m) // Object.is equality[22m

    Expected: [32m200[39m
    Received: [31m403[39m

      57 |         });
      58 |
    > 59 |         expect(response.status()).toBe(200);
         |                                   ^
      60 |         const responseBody = await response.json();
      61 |         console.log('Update User Response:', responseBody);
      62 |
        at C:\Users\ayush mishra\Desktop\Finacplus Automation Framework\Finacplus-Automation-Framework\tests\api\reqres.spec.js:59:35


[1A[2K  3 failed
    [chromium] ΓÇ║ tests\api\reqres.spec.js:7:5 ΓÇ║ ReqRes.in API Tests ΓÇ║ Create User and Validate ΓöÇΓöÇΓöÇΓöÇΓöÇ
    [chromium] ΓÇ║ tests\api\reqres.spec.js:31:5 ΓÇ║ ReqRes.in API Tests ΓÇ║ Fetch Created User Details ΓöÇΓöÇ
    [chromium] ΓÇ║ tests\api\reqres.spec.js:51:5 ΓÇ║ ReqRes.in API Tests ΓÇ║ Update User Name and Validate 

[36m  Serving HTML report at http://localhost:9323. Press Ctrl+C to quit.[39m
